// Jest Snapshot v1, https://goo.gl/fbAQLP

exports[`<Numbers /> should match snapshot 1`] = `"<div class=\\"numbers\\"><button class=\\"button button-default\\" type=\\"button\\" value=\\".\\">.</button><button class=\\"button button-default\\" type=\\"button\\" value=\\"0\\">0</button><button class=\\"button button-default\\" type=\\"button\\" value=\\"1\\">1</button><button class=\\"button button-default\\" type=\\"button\\" value=\\"2\\">2</button><button class=\\"button button-default\\" type=\\"button\\" value=\\"3\\">3</button><button class=\\"button button-default\\" type=\\"button\\" value=\\"4\\">4</button><button class=\\"button button-default\\" type=\\"button\\" value=\\"5\\">5</button><button class=\\"button button-default\\" type=\\"button\\" value=\\"6\\">6</button><button class=\\"button button-default\\" type=\\"button\\" value=\\"7\\">7</button><button class=\\"button button-default\\" type=\\"button\\" value=\\"8\\">8</button><button class=\\"button button-default\\" type=\\"button\\" value=\\"9\\">9</button></div>"`;
