// Jest Snapshot v1, https://goo.gl/fbAQLP

exports[`<Operators /> should match snapshot 1`] = `"<div class=\\"operators\\"><button class=\\"button button-primary\\" type=\\"button\\" value=\\"*\\">ร</button><button class=\\"button button-primary\\" type=\\"button\\" value=\\"/\\">รท</button><button class=\\"button button-primary\\" type=\\"button\\" value=\\"-\\">-</button><button class=\\"button button-primary\\" type=\\"button\\" value=\\"+\\">+</button><button class=\\"button button-primary\\" type=\\"submit\\">=</button></div>"`;
